INFO|20211002-071143|1|stats.go:56|8|13|7|0.21|471h0m21s|MAPREDUCE:STATS|currentConnections=0|lifetimeConnections=1
INFO|20211002-071143|1|stats.go:56|8|13|7|0.21|471h0m21s|MAPREDUCE:STATS|currentConnections=0|lifetimeConnections=1
INFO|20211002-071143|1|stats.go:56|8|13|7|0.21|471h0m21s|MAPREDUCE:STATS|currentConnections=0|lifetimeConnections=1
