count($line),last($time),avg($goroutines),min(concurrentconnections),max(lifetimeconnections)
1,20211002-071949,15.000000,0.000000,6.000000
