$mask,$md5,$foo,$bar,$baz,last($time)
........-......,f1d0d65f3bd3824e71d690163a58fef2,42,baz,20211002-071949,20211002-071949
