from STATS select count($line),last($time),avg($goroutines),min(concurrentConnections),max(lifetimeConnections) group by $hostname where $time eq "20211002-071949" outfile dmap1c.csv.tmp