from STATS select count($line),last($time),avg($goroutines),min(concurrentConnections),max(lifetimeConnections) group by $hostname outfile ./dserver.csv