count($line),last($time),avg($goroutines),min(concurrentconnections),max(lifetimeconnections)
597,1002-071949,11.628141,0.000000,6.000000
