CRITICAL: DTail server not operating properly at example:1!
