count($line),last($time),avg($goroutines),min(concurrentConnections),max(lifetimeConnections)
16,1002-071948,11.750000,0.000000,6.000000
