$mask,$md5,$foo,$bar,$baz,last($time)
....-......,f5cb931d12cb57fe1e46bc74ae0cc742,42,baz,1002-071948,1002-071948
