count($time),$time,max($goroutines),avg($goroutines),min($goroutines)
15,1002-071948,15.000000,13.400000,11.000000
9,1002-071947,11.000000,11.000000,11.000000
9,1002-071939,11.000000,11.000000,11.000000
6,1002-071946,11.000000,11.000000,11.000000
6,1002-071938,11.000000,11.000000,11.000000
3,1002-071937,11.000000,11.000000,11.000000
