count($line),last($time),avg($goroutines),min(concurrentConnections),max(lifetimeConnections)
