A short line
A long line (dcat will split it up into multiple smaller lines): Some random content here Some random content here Some random content here Some random content here Some random content here Some random content here Some random content here Some random content here Some random content here Some random content here Some random content here Some random content here Some random content here Some random content here Some random content here Some random content here Some random content here Some random content here Some random content here Some random content here Some random content here Some random content here Some random content here Some random content here Some random content here Some random content here Some random content here Some random content here Some random content here Some random content here Some random content here Some random content here Some random content here Some random content here Some random content here Some random content here Some random content here Some random content here Some rand
om content here Some random content here Some random content here Some random content here Some random content here Some random content here Some random content here Some random content here Some random content here Some random content here Some random content here Some random content here Some random content here Some random content here Some random content here Some random content here Some random content here Some random content here Some random content here Some random content here Some random content here Some random content here Some random content here Some random content here Some random content here Some random content here Some random content here Some random content here Some random content here Some random content here Some random content here Some random content here Some random content here Some random content here Some random content here Some random content here Some random content here Some random content here Some random content here Some random content here Some random content here Some ran
dom content here Some random content here Some random content here Some random content here Some random content here Some random content here Some random content here Some random content here Some random content here Some random content here Some random content here Some random content here Some random content here Some random content here Some random content here Some random content here Some random content here Some random content here Some random content here Some random content here Some random content here Some random content here Some random content here!
Another short line
