last($line),max(foo),min(bar)
INFO|19801011-424242|1|dserver_test.go|1|1|1|1.0|1m|MAPREDUCE:INTEGRATIONTEST|foo=1|bar=42,1.000000,42.000000
